<?xml version="1.0" encoding="utf-8"?><testsuites><testsuite errors="0" failures="0" hostname="tester-m" name="pytest" skipped="0" tests="3" time="8.264" timestamp="2021-06-19T14:25:58.326224"><testcase classname="test.test_formater.TestFormater" name="test_plain_uppercase" time="0.002" /><testcase classname="test.test_views.FlaskrTestCase" name="test_msg_with_output" time="0.013" /><testcase classname="test.test_views.FlaskrTestCase" name="test_outputs" time="0.003" /></testsuite></testsuites>